1
2
3
6
<fn add>
Hi, Dear Reader!
don't return anything
nil
1
2
0
1
1
2
3
5
8
13
21
34
1
2
OK
