Runtime error: Cannot return from outside of a function.
