<class DevonshireCream>
<class Bagel> instance
called function with argument
Crunch crunch crunch!
<class Egotist> instance
The German chocolate cake is delicious!
<class Thing> instance
Jane
Jane
<class Foo> instance
<class Foo> instance
<class Foo> instance
<class Bar> instance
OK
