[0m[1m[38;5;9merror[0m[1m: Type mismatch: expected 'String', found 'Number'[0m
  [0m[34mâ”Œâ”€[0m tests/todo/6_4_variable_assignment_type_mismatch.todo:2:1
  [0m[34mâ”‚[0m
[0m[34m2[0m [0m[34mâ”‚[0m [0m[31mx = 13[0m;
  [0m[34mâ”‚[0m [0m[31m^^^^^^[0m


