[0m[1m[38;5;9merror[0m[1m: Type mismatch: expected 'Number', found 'String'[0m
  [0m[34mâ”Œâ”€[0m tests/todo/7_1_call_expression_with_mismatched_argument_type.todo:5:1
  [0m[34mâ”‚[0m
[0m[34m5[0m [0m[34mâ”‚[0m [0m[31mf("hello")[0m;
  [0m[34mâ”‚[0m [0m[31m^^^^^^^^^^[0m


