[0m[1m[38;5;9merror[0m[1m: The trait bound 'Bool: Add' is not satisfied'[0m
  [0m[34mâ”Œâ”€[0m tests/todo/8_3_illegal_constrained_function_call.todo:6:11
  [0m[34mâ”‚[0m
[0m[34m6[0m [0m[34mâ”‚[0m foo(true, [0m[31mtrue[0m);
  [0m[34mâ”‚[0m [0m[34m---[0m       [0m[31m^^^^[0m
  [0m[34mâ”‚[0m [0m[34mâ”‚[0m         [0m[34mâ”‚[0m
  [0m[34mâ”‚[0m [0m[34mâ”‚[0m         [0m[34mthe trait 'Add' is not implemented for 'Bool'[0m
  [0m[34mâ”‚[0m [0m[34mrequired by a bound introduced by this call[0m


