[0m[1m[38;5;9merror[0m[1m: Superclass must be a class.[0m


