Name resolution error: Can't use 'this' outside of a class
