[0m[1m[38;5;9merror[0m[1m: Runtime error: Only instances have properties.[0m


