Runtime error: A class can't inherit from itself.
