Runtime error: Can't use 'super' outside of a class.
