Runtime error: Can't return a value from an initializer.
