[0m[1m[38;5;9merror[0m[1m: Name resolution error: Can't use 'this' outside of a class[0m


