Syntax error: Expected ';'
   1 | var a = error
     |              ^
