Syntax error: Expected 'number'
   1 | var a = &;
     |          ^
