[0m[1m[38;5;9merror[0m[1m: Argument to 'assert' must be 'bool'[0m
  [0m[34mâ”Œâ”€[0m tests/todo2/1_1_assert_illegal_argument.todo:1:8
  [0m[34mâ”‚[0m
[0m[34m1[0m [0m[34mâ”‚[0m assert [0m[31m"hello"[0m;
  [0m[34mâ”‚[0m        [0m[31m^^^^^^^[0m


