[0m[1m[38;5;9merror[0m[1m: Type mismatch: expected 'String', found 'Number'[0m
  [0m[34mâ”Œâ”€[0m tests/todo2/6_1_function_declaration_with_mismatched_return.todo:3:3
  [0m[34mâ”‚[0m
[0m[34m1[0m [0m[34mâ”‚[0m fun f(arg: String) -> String {
  [0m[34mâ”‚[0m                       [0m[34m------[0m [0m[34mexpected type found here[0m
[0m[34m2[0m [0m[34mâ”‚[0m   print arg;
[0m[34m3[0m [0m[34mâ”‚[0m   [0m[31m13[0m
  [0m[34mâ”‚[0m   [0m[31m^^[0m


